
> ezyride@0.1.0 build
> react-scripts build

Creating an optimized production build...
Failed to compile.

[eslint] 
src\pages\AuthPage.js
Syntax error: Missing catch or finally clause. (60:6) (60:6)

src\pages\PostRide.js
  Line 154:12:  'FaExclamationTriangle' is not defined  react/jsx-no-undef

src\pages\SearchRides.js
  Line 132:16:  'FaFilter' is not defined  react/jsx-no-undef

Search for the keywords to learn more about each error.


