DEBUG RIDE RESPONSE: {'message': 'Ride created', 'ride': {'_id': '698d84031701d436b7eea248', 'from': 'New York', 'to': 'Boston', 'date': '2026-02-13T07:40:51.044Z', 'seatsAvailable': 3, 'pricePerSeat': 25.5, 'postedBy': {'_id': '698d84021701d436b7eea244', 'fullName': 'Test User'}, 'passengerIds': [], 'status': 'posted', 'notes': '', 'createdAt': '2026-02-12T07:40:51.122Z', 'updatedAt': '2026-02-12T07:40:51.122Z', '__v': 0}}
