≡ƒôª Setting up backend and loading models...
node : 
At line:1 char:1
+ node test_face_v2.js 
> test_output.txt 2>&1
+ ~~~~~~~~~~~~~~~~~~~~~
~~~~~~~~~~~~~~~~~~~~~~
    + CategoryInfo     
         : NotSpecifi  
  ed: (:String) [],    
 RemoteException
    + FullyQualifiedEr 
   rorId : NativeComm  
  andError
 
=======================
=====
Hi, looks like you are 
running TensorFlow.js 
in Node.js. To speed 
things up 
dramatically, install 
our node backend, 
visit https://github.co
m/tensorflow/tfjs-node 
for more details. 
=======================
=====
Γ£à Models loaded
≡ƒöì Comparing:
1: C:\Users\Ritesh\OneDrive\Desktop\All Projrcts\ezyride\backend\uploads\user-68b34a69b377d7f78973e33d-aadhaarFront-1770966463875.jpeg
2: C:\Users\Ritesh\OneDrive\Desktop\All Projrcts\ezyride\backend\uploads\user-68b34a69b377d7f78973e33d-selfie-1770966463880.jpg
Detecting face 1...
Detecting face 2...
-----------------------------------
Euclidean Distance: 0.6896
Match (threshold 0.6): NO Γ¥î
-----------------------------------
